exports[`test renders correctly 1`] = `
<View
  style={undefined}>
  <Text
    accessible={true}
    allowFontScaling={true}
    ellipsizeMode="tail"
    style={
      Object {
        "color": "red",
      }
    } />
</View>
`;
